[2m15:34:37[22m [34m[@astrojs/netlify][39m Enabling sessions with Netlify Blobs
[2m15:34:37[22m [34m[content][39m Syncing content
[2m15:34:37[22m [34m[content][39m Synced content
[2m15:34:37[22m [34m[types][39m Generated [2m149ms[22m
[2m15:34:37[22m [34m[check][39m Getting diagnostics for Astro files in C:\Users\Hp\PCAcademy-...
[96msrc/components/Footer.tsx[0m:[93m2[0m:[93m10[0m - [91merror[0m[90m ts(2305): [0mModule '"react-router-dom"' has no exported member 'Link'.

[7m2[0m import { Link } from 'react-router-dom';
[7m [0m [91m         ~~~~[0m

[96msrc/components/Header.tsx[0m:[93m2[0m:[93m16[0m - [91merror[0m[90m ts(2305): [0mModule '"react-router-dom"' has no exported member 'useLocation'.

[7m2[0m import { Link, useLocation } from 'react-router-dom';
[7m [0m [91m               ~~~~~~~~~~~[0m
[96msrc/components/Header.tsx[0m:[93m2[0m:[93m10[0m - [91merror[0m[90m ts(2305): [0mModule '"react-router-dom"' has no exported member 'Link'.

[7m2[0m import { Link, useLocation } from 'react-router-dom';
[7m [0m [91m         ~~~~[0m

[96msrc/components/Router.tsx[0m:[93m1[0m:[93m57[0m - [91merror[0m[90m ts(2305): [0mModule '"react-router-dom"' has no exported member 'Outlet'.

[7m1[0m import { createBrowserRouter, RouterProvider, Navigate, Outlet } from 'react-router-dom';
[7m [0m [91m                                                        ~~~~~~[0m
[96msrc/components/Router.tsx[0m:[93m1[0m:[93m47[0m - [91merror[0m[90m ts(2305): [0mModule '"react-router-dom"' has no exported member 'Navigate'.

[7m1[0m import { createBrowserRouter, RouterProvider, Navigate, Outlet } from 'react-router-dom';
[7m [0m [91m                                              ~~~~~~~~[0m
[96msrc/components/Router.tsx[0m:[93m1[0m:[93m31[0m - [91merror[0m[90m ts(2305): [0mModule '"react-router-dom"' has no exported member 'RouterProvider'.

[7m1[0m import { createBrowserRouter, RouterProvider, Navigate, Outlet } from 'react-router-dom';
[7m [0m [91m                              ~~~~~~~~~~~~~~[0m
[96msrc/components/Router.tsx[0m:[93m1[0m:[93m10[0m - [91merror[0m[90m ts(2305): [0mModule '"react-router-dom"' has no exported member 'createBrowserRouter'.

[7m1[0m import { createBrowserRouter, RouterProvider, Navigate, Outlet } from 'react-router-dom';
[7m [0m [91m         ~~~~~~~~~~~~~~~~~~~[0m

[96msrc/components/calculators/EigenCalculator.tsx[0m:[93m60[0m:[93m16[0m - [93mwarning[0m[90m ts(7043): [0mVariable 'v2y' implicitly has an 'any' type, but a better type may be inferred from usage.

[7m60[0m       let v2x, v2y;
[7m  [0m [93m               ~~~[0m
[96msrc/components/calculators/EigenCalculator.tsx[0m:[93m60[0m:[93m11[0m - [93mwarning[0m[90m ts(7043): [0mVariable 'v2x' implicitly has an 'any' type, but a better type may be inferred from usage.

[7m60[0m       let v2x, v2y;
[7m  [0m [93m          ~~~[0m
[96msrc/components/calculators/EigenCalculator.tsx[0m:[93m42[0m:[93m16[0m - [93mwarning[0m[90m ts(7043): [0mVariable 'v1y' implicitly has an 'any' type, but a better type may be inferred from usage.

[7m42[0m       let v1x, v1y;
[7m  [0m [93m               ~~~[0m
[96msrc/components/calculators/EigenCalculator.tsx[0m:[93m42[0m:[93m11[0m - [93mwarning[0m[90m ts(7043): [0mVariable 'v1x' implicitly has an 'any' type, but a better type may be inferred from usage.

[7m42[0m       let v1x, v1y;
[7m  [0m [93m          ~~~[0m

[96msrc/components/calculators/PCACalculator.tsx[0m:[93m23[0m:[93m13[0m - [93mwarning[0m[90m ts(6133): [0m'k' is declared but its value is never read.

[7m23[0m       const k = Math.min(parseInt(components), m);
[7m  [0m [93m            ~[0m

[96msrc/components/pages/CalculatorsPage.tsx[0m:[93m5[0m:[93m33[0m - [91merror[0m[90m ts(2307): [0mCannot find module '@/integrations' or its corresponding type declarations.

[7m5[0m import { BaseCrudService } from '@/integrations';
[7m [0m [91m                                ~~~~~~~~~~~~~~~~[0m

[96msrc/components/pages/ConceptsPage.tsx[0m:[93m5[0m:[93m33[0m - [91merror[0m[90m ts(2307): [0mCannot find module '@/integrations' or its corresponding type declarations.

[7m5[0m import { BaseCrudService } from '@/integrations';
[7m [0m [91m                                ~~~~~~~~~~~~~~~~[0m
[96msrc/components/pages/ConceptsPage.tsx[0m:[93m20[0m:[93m42[0m - [93mwarning[0m[90m ts(7044): [0mParameter 'b' implicitly has an 'any' type, but a better type may be inferred from usage.

[7m20[0m     const sorted = result.items.sort((a, b) => (a.sequenceNumber || 0) - (b.sequenceNumber || 0));
[7m  [0m [93m                                         ~[0m
[96msrc/components/pages/ConceptsPage.tsx[0m:[93m20[0m:[93m39[0m - [93mwarning[0m[90m ts(7044): [0mParameter 'a' implicitly has an 'any' type, but a better type may be inferred from usage.

[7m20[0m     const sorted = result.items.sort((a, b) => (a.sequenceNumber || 0) - (b.sequenceNumber || 0));
[7m  [0m [93m                                      ~[0m
[96msrc/components/pages/ConceptsPage.tsx[0m:[93m7[0m:[93m1[0m - [93mwarning[0m[90m ts(6133): [0m'LoadingSpinner' is declared but its value is never read.

[7m7[0m import { LoadingSpinner } from '@/components/ui/loading-spinner';
[7m [0m [93m~~~~~~~~~~~~~~~~~~~~~~~~~~~~~~~~~~~~~~~~~~~~~~~~~~~~~~~~~~~~~~~~~[0m

[96msrc/components/pages/ExamplesPage.tsx[0m:[93m5[0m:[93m33[0m - [91merror[0m[90m ts(2307): [0mCannot find module '@/integrations' or its corresponding type declarations.

[7m5[0m import { BaseCrudService } from '@/integrations';
[7m [0m [91m                                ~~~~~~~~~~~~~~~~[0m

[96msrc/components/pages/HomePage.tsx[0m:[93m4[0m:[93m10[0m - [91merror[0m[90m ts(2305): [0mModule '"react-router-dom"' has no exported member 'Link'.

[7m4[0m import { Link } from 'react-router-dom';
[7m [0m [91m         ~~~~[0m
[96msrc/components/pages/HomePage.tsx[0m:[93m5[0m:[93m99[0m - [93mwarning[0m[90m ts(6133): [0m'Layers' is declared but its value is never read.

[7m5[0m import { ArrowRight, Calculator, BookOpen, Eye, Lightbulb, FileText, ChevronDown, Grid, Activity, Layers, MoveRight } from 'lucide-react';
[7m [0m [93m                                                                                                  ~~~~~~[0m
[96msrc/components/pages/HomePage.tsx[0m:[93m5[0m:[93m83[0m - [93mwarning[0m[90m ts(6133): [0m'Grid' is declared but its value is never read.

[7m5[0m import { ArrowRight, Calculator, BookOpen, Eye, Lightbulb, FileText, ChevronDown, Grid, Activity, Layers, MoveRight } from 'lucide-react';
[7m [0m [93m                                                                                  ~~~~[0m
[96msrc/components/pages/HomePage.tsx[0m:[93m3[0m:[93m81[0m - [93mwarning[0m[90m ts(6133): [0m'useMotionTemplate' is declared but its value is never read.

[7m3[0m import { motion, useScroll, useTransform, useSpring, useInView, useMotionValue, useMotionTemplate } from 'framer-motion';
[7m [0m [93m                                                                                ~~~~~~~~~~~~~~~~~[0m
[96msrc/components/pages/HomePage.tsx[0m:[93m3[0m:[93m65[0m - [93mwarning[0m[90m ts(6133): [0m'useMotionValue' is declared but its value is never read.

[7m3[0m import { motion, useScroll, useTransform, useSpring, useInView, useMotionValue, useMotionTemplate } from 'framer-motion';
[7m [0m [93m                                                                ~~~~~~~~~~~~~~[0m
[96msrc/components/pages/HomePage.tsx[0m:[93m3[0m:[93m43[0m - [93mwarning[0m[90m ts(6133): [0m'useSpring' is declared but its value is never read.

[7m3[0m import { motion, useScroll, useTransform, useSpring, useInView, useMotionValue, useMotionTemplate } from 'framer-motion';
[7m [0m [93m                                          ~~~~~~~~~[0m
[96msrc/components/pages/HomePage.tsx[0m:[93m2[0m:[93m35[0m - [93mwarning[0m[90m ts(6133): [0m'useEffect' is declared but its value is never read.

[7m2[0m import React, { useRef, useState, useEffect } from 'react';
[7m [0m [93m                                  ~~~~~~~~~[0m
[96msrc/components/pages/HomePage.tsx[0m:[93m2[0m:[93m25[0m - [93mwarning[0m[90m ts(6133): [0m'useState' is declared but its value is never read.

[7m2[0m import React, { useRef, useState, useEffect } from 'react';
[7m [0m [93m                        ~~~~~~~~[0m

[96msrc/components/pages/ReferencesPage.tsx[0m:[93m5[0m:[93m33[0m - [91merror[0m[90m ts(2307): [0mCannot find module '@/integrations' or its corresponding type declarations.

[7m5[0m import { BaseCrudService } from '@/integrations';
[7m [0m [91m                                ~~~~~~~~~~~~~~~~[0m

[96msrc/components/pages/VisualizationsPage.tsx[0m:[93m5[0m:[93m33[0m - [91merror[0m[90m ts(2307): [0mCannot find module '@/integrations' or its corresponding type declarations.

[7m5[0m import { BaseCrudService } from '@/integrations';
[7m [0m [91m                                ~~~~~~~~~~~~~~~~[0m

[96msrc/components/ui/calendar.tsx[0m:[93m64[0m:[93m21[0m - [93mwarning[0m[90m ts(6133): [0m'props' is declared but its value is never read.

[7m64[0m         IconRight: ({ ...props }) => (
[7m  [0m [93m                    ~~~~~~~~~~~~[0m
[96msrc/components/ui/calendar.tsx[0m:[93m61[0m:[93m20[0m - [93mwarning[0m[90m ts(6133): [0m'props' is declared but its value is never read.

[7m61[0m         IconLeft: ({ ...props }) => (
[7m  [0m [93m                   ~~~~~~~~~~~~[0m

[96msrc/components/ui/member-protected-route.tsx[0m:[93m2[0m:[93m27[0m - [91merror[0m[90m ts(2307): [0mCannot find module '@/integrations' or its corresponding type declarations.

[7m2[0m import { useMember } from '@/integrations';
[7m [0m [91m                          ~~~~~~~~~~~~~~~~[0m

[96msrc/components/ui/sign-in.tsx[0m:[93m3[0m:[93m27[0m - [91merror[0m[90m ts(2307): [0mCannot find module '@/integrations' or its corresponding type declarations.

[7m3[0m import { useMember } from '@/integrations';
[7m [0m [91m                          ~~~~~~~~~~~~~~~~[0m

[96msrc/lib/scroll-to-top.tsx[0m:[93m2[0m:[93m10[0m - [91merror[0m[90m ts(2305): [0mModule '"react-router-dom"' has no exported member 'useLocation'.

[7m2[0m import { useLocation } from 'react-router-dom';
[7m [0m [91m         ~~~~~~~~~~~[0m

Result (72 files): 
- 16 errors
- 0 warnings
- 17 hints

